// Jest Snapshot v1, https://goo.gl/fbAQLP

exports[`AddSpecialismsFormComponent should render correctly 1`] = `
<app-test-host
  errors="undefined"
  existingSpecialisms={[Function Array]}
  initialValues="null"
  submittedValues="undefined"
>
  <add-specialisms-form>
    <form
      class="ng-untouched ng-valid ng-dirty"
      novalidate=""
      pdk-form=""
    >
      <pdk-grid
        class="govuk-!-margin-top-6 govuk-grid-row"
        container=""
        pdk-margin-top="6"
      >
        <pdk-grid
          class="govuk-grid-column-two-thirds"
          two-thirds=""
        >
          <specialisms-selector
            class="ng-untouched ng-valid ng-dirty"
            label="Select specialism"
            name="selectedSpecialisms"
          >
            <pdk-form-field>
              <pdk-form-group
                class="pdk-form-group"
              >
                <fieldset
                  class="govuk-fieldset"
                  pdk-fieldset=""
                >
                  <legend
                    class="govuk-fieldset__legend govuk-fieldset__legend--s"
                  >
                     Select specialism 
                  </legend>
                  <pdk-checkbox-group
                    checkboxtype="small"
                    class="ng-untouched ng-pristine ng-invalid"
                    pdkmincountvalidatordirective=""
                  >
                    <div
                      class="govuk-checkboxes"
                    >
                      <pdk-checkbox
                        class="govuk-checkboxes govuk-checkboxes--small"
                      >
                        <div
                          class="govuk-checkboxes__item"
                        >
                          <input
                            class="govuk-checkboxes__input"
                            id="pdk-checkbox-GENERATED_ID"
                            name="pdk-checkbox-group-GENERATED_ID"
                            type="checkbox"
                            value="ATTEMPTED_MURDER"
                          />
                          <label
                            class="govuk-label govuk-checkboxes__label"
                            for="pdk-checkbox-GENERATED_ID"
                          >
                            <span>
                              Attempted murder
                            </span>
                          </label>
                        </div>
                      </pdk-checkbox>
                      <pdk-checkbox
                        class="govuk-checkboxes govuk-checkboxes--small"
                      >
                        <div
                          class="govuk-checkboxes__item"
                        >
                          <input
                            class="govuk-checkboxes__input"
                            id="pdk-checkbox-GENERATED_ID"
                            name="pdk-checkbox-group-GENERATED_ID"
                            type="checkbox"
                            value="SEXUAL_OFFENCE"
                          />
                          <label
                            class="govuk-label govuk-checkboxes__label"
                            for="pdk-checkbox-GENERATED_ID"
                          >
                            <span>
                              Serious Sexual offence
                            </span>
                          </label>
                        </div>
                      </pdk-checkbox>
                      <pdk-checkbox
                        class="govuk-checkboxes govuk-checkboxes--small"
                      >
                        <div
                          class="govuk-checkboxes__item"
                        >
                          <input
                            class="govuk-checkboxes__input"
                            id="pdk-checkbox-GENERATED_ID"
                            name="pdk-checkbox-group-GENERATED_ID"
                            type="checkbox"
                            value="TERRORISM"
                          />
                          <label
                            class="govuk-label govuk-checkboxes__label"
                            for="pdk-checkbox-GENERATED_ID"
                          >
                            <span>
                              Terrorism
                            </span>
                          </label>
                        </div>
                      </pdk-checkbox>
                    </div>
                  </pdk-checkbox-group>
                </fieldset>
              </pdk-form-group>
            </pdk-form-field>
          </specialisms-selector>
        </pdk-grid>
        <pdk-grid
          class="govuk-grid-column-full"
          full=""
        >
          <pdk-divider>
            <hr
              class="pdk-divider"
            />
          </pdk-divider>
        </pdk-grid>
        <pdk-grid
          class="govuk-grid-column-two-thirds"
          two-thirds=""
        >
          <pdk-form-group
            class="govuk-!-margin-top-4 pdk-form-group"
            pdk-margin-top="4"
          >
            <button
              class="govuk-button"
              data-test-id="continue-button"
              pdk-button=""
              type="submit"
            >
              Continue
            </button>
          </pdk-form-group>
        </pdk-grid>
      </pdk-grid>
    </form>
  </add-specialisms-form>
</app-test-host>
`;
