// Jest Snapshot v1, https://goo.gl/fbAQLP

exports[`RepeatPatternContainer should create 1`] = `
<repeat-pattern-container
  businessType$={[Function _Store]}
  courtCentre$={[Function _Store]}
  errors={[Function Array]}
  initialValues$={[Function _Store]}
  route={[Function Object]}
  router={[Function _Router]}
  store={[Function _MockStore]}
>
  <div
    class="govuk-!-margin-bottom-4"
    pdk-margin-bottom="4"
  >
    <a
      class="govuk-back-link"
      href="javascript:void(0);"
      pdk-back-link=""
    >
      Back
    </a>
  </div><pdk-grid
    class="govuk-grid-row"
    container=""
  >
    <pdk-grid
      class="govuk-grid-column-full"
      full=""
    >
      <h1
        class="govuk-heading-xl"
        pdk-typography="heading-xlarge"
      >
         Sessions for Business Type 1 
      </h1>
      <journey-summary>
        <div
          class="govuk-!-margin-bottom-8"
          pdk-margin-bottom="8"
        >
          <h3
            class="govuk-!-margin-bottom-0"
            pdk-margin-bottom="0"
            pdk-typography="heading-medium"
          >
            Court and business type details
          </h3>
          <dl
            class="pdk-summary-list"
            pdk-summary-list=""
          >
            <div
              class="pdk-summary-list__row"
              pdk-summary-list-item=""
            >
              <dt
                class="pdk-summary-list__key"
                pdk-summary-list-key=""
              >
                Court
              </dt>
              <dd
                class="pdk-summary-list__value"
                pdk-summary-list-value=""
              >
                L3 Name
              </dd>
            </div>
            <div
              class="pdk-summary-list__row"
              pdk-summary-list-item=""
            >
              <dt
                class="pdk-summary-list__key"
                pdk-summary-list-key=""
              >
                Business Type
              </dt>
              <dd
                class="pdk-summary-list__value"
                pdk-summary-list-value=""
              >
                Business Type 1
              </dd>
            </div>
          </dl>
        </div>
      </journey-summary>
      <repeat-pattern-form>
        <h2
          class="govuk-heading-l"
          pdk-typography="heading-large"
        >
          Repeat the sessions
        </h2>
        <pdk-tabs>
          <pdk-tabs-container>
            <div
              class="js-enabled govuk-tabs"
            >
              <ul
                class="govuk-tabs__list"
                role="tablist"
              >
                <li
                  class="govuk-tabs__list-item govuk-tabs__list-item--selected"
                  role="presentation"
                >
                  <a
                    aria-controls="pdk-tab-section-0"
                    aria-selected="true"
                    class="govuk-tabs__tab"
                    href="javascript:void(0);"
                    role="tab"
                    tabindex="0"
                  >
                     Once 
                  </a>
                </li>
                <li
                  class="govuk-tabs__list-item"
                  role="presentation"
                >
                  <a
                    aria-controls="pdk-tab-section-1"
                    aria-selected="false"
                    class="govuk-tabs__tab"
                    href="javascript:void(0);"
                    role="tab"
                    tabindex="-1"
                  >
                     More than once 
                  </a>
                </li>
              </ul>
              <pdk-tab
                heading="Once"
              >
                <section
                  aria-hidden="false"
                  class="govuk-tabs__panel"
                  id="pdk-tab-section-0"
                  role="tabpanel"
                >
                  <repeat-pattern-once-form>
                    <h2
                      class="govuk-!-margin-bottom-0 govuk-heading-m"
                      pdk-margin-bottom="0"
                      pdk-typography="heading-medium"
                    >
                      Once
                    </h2>
                    <p
                      class="govuk-!-margin-top-1"
                      pdk-margin-top="1"
                    >
                      Repeat for one week only
                    </p>
                    <form
                      class="govuk-!-margin-top-8 ng-untouched ng-pristine ng-valid"
                      data-test-id="repeatSessionsOnceForm"
                      novalidate=""
                      pdk-form=""
                      pdk-margin-top="8"
                    >
                      <pdk-grid
                        class="govuk-grid-row"
                        container=""
                      >
                        <pdk-grid
                          class="govuk-grid-column-one-half"
                          one-half=""
                        >
                          <pdk-form-field
                            label="Start date"
                            labeltype="small"
                          >
                            <pdk-form-group
                              class="pdk-form-group"
                            >
                              <label
                                class="govuk-label govuk-label--s"
                                for="pdk-form-control-undefined-GENERATED_ID"
                              >
                                 Start date 
                              </label>
                              <pdk-date-picker-input
                                class="ng-untouched ng-pristine ng-valid"
                                name="startDate"
                                required=""
                              >
                                <pdk-interaction-container>
                                  <div>
                                    <div
                                      style="position: relative;"
                                    >
                                      <div>
                                        <div
                                          class="pdk-date-picker-input__selection govuk-!-padding-0"
                                          pdk-padding="0"
                                        >
                                          <span
                                            hidden=""
                                            id="datePickerSelector-pdk-form-control-undefined-GENERATED_ID"
                                          >
                                             Select to open the date picker and choose a date.
                                          </span>
                                          <input
                                            aria-describedby="datePickerSelector-pdk-form-control-undefined-GENERATED_ID"
                                            aria-expanded="false"
                                            aria-haspopup="dialog"
                                            class="pdk-date-picker-input__selection-text govuk-!-padding-right-6 ng-untouched ng-pristine ng-valid govuk-input"
                                            id="pdk-form-control-undefined-GENERATED_ID"
                                            pdk-input=""
                                            pdk-padding-right="6"
                                            readonly="true"
                                            role="button"
                                          />
                                        </div>
                                      </div>
                                    </div>
                                  </div>
                                </pdk-interaction-container>
                              </pdk-date-picker-input>
                              <pdk-inset-text>
                                <div
                                  class="govuk-inset-text"
                                >
                                   Selected day: Sunday 
                                </div>
                              </pdk-inset-text>
                            </pdk-form-group>
                          </pdk-form-field>
                          <button
                            class="govuk-!-margin-top-2 govuk-button"
                            pdk-button=""
                            pdk-margin-top="2"
                            type="submit"
                          >
                            Continue
                          </button>
                        </pdk-grid>
                      </pdk-grid>
                    </form>
                  </repeat-pattern-once-form>
                </section>
              </pdk-tab>
              <pdk-tab
                heading="More than once"
              >
                <section
                  aria-hidden="true"
                  class="govuk-tabs__panel govuk-tabs__panel--hidden"
                  id="pdk-tab-section-1"
                  role="tabpanel"
                >
                  <repeat-pattern-more-than-once-form>
                    <h2
                      class="govuk-!-margin-bottom-0 govuk-heading-m"
                      pdk-margin-bottom="0"
                      pdk-typography="heading-medium"
                    >
                      More than once
                    </h2>
                    <p
                      class="govuk-!-margin-top-1"
                      pdk-margin-top="1"
                    >
                      Repeat for more than one week
                    </p>
                    <form
                      class="govuk-!-margin-top-8 ng-untouched ng-pristine ng-valid"
                      data-test-id="repeatSessionsMoreThanOnceForm"
                      novalidate=""
                      pdk-form=""
                      pdk-margin-top="8"
                    >
                      <pdk-grid
                        class="govuk-grid-row"
                        container=""
                      >
                        <pdk-grid
                          class="govuk-grid-column-one-half"
                          one-half=""
                        >
                          <div
                            class="weeks-input-wrapper"
                          >
                            <pdk-form-field
                              label="Every"
                              labeltype="small"
                            >
                              <pdk-form-group
                                class="pdk-form-group"
                              >
                                <label
                                  class="govuk-label govuk-label--s"
                                  for="pdk-form-control-undefined-GENERATED_ID"
                                >
                                   Every 
                                </label>
                                <div
                                  class="inputs-row"
                                >
                                  <input
                                    class="ng-untouched ng-pristine ng-valid govuk-input govuk-input--width-2"
                                    data-test-id="repeatFor"
                                    id="pdk-form-control-undefined-GENERATED_ID"
                                    max="52"
                                    min="1"
                                    name="repeatFor"
                                    pattern="[0-9]*"
                                    pdk-text-input=""
                                    required=""
                                    type="number"
                                  />
                                  <pdk-form-field
                                    class="interval govuk-!-margin-left-2"
                                    label="Interval"
                                    labeltype="small"
                                    pdk-margin-left="2"
                                  >
                                    <pdk-form-group
                                      class="pdk-form-group"
                                    >
                                      <label
                                        class="govuk-label govuk-label--s"
                                        for="pdk-select-GENERATED_ID"
                                      >
                                         Interval 
                                      </label>
                                      <pdk-select
                                        class="ng-untouched ng-pristine ng-valid"
                                        data-test-id="interval"
                                        justified=""
                                        name="frequency"
                                        required=""
                                      >
                                        <select
                                          class="govuk-select pdk-select--justified"
                                          id="pdk-select-GENERATED_ID"
                                          name="frequency"
                                          required=""
                                        >
                                          <option
                                            value="EVERY_WEEK"
                                          >
                                             week(s) 
                                          </option>
                                          <option
                                            value="EVERY_MONTH"
                                          >
                                             month(s) 
                                          </option>
                                        </select>
                                      </pdk-select>
                                    </pdk-form-group>
                                  </pdk-form-field>
                                </div>
                              </pdk-form-group>
                            </pdk-form-field>
                          </div>
                          <pdk-form-field
                            label="Start date"
                            labeltype="small"
                          >
                            <pdk-form-group
                              class="pdk-form-group"
                            >
                              <label
                                class="govuk-label govuk-label--s"
                                for="pdk-form-control-undefined-GENERATED_ID"
                              >
                                 Start date 
                              </label>
                              <pdk-hint
                                class="govuk-hint"
                              >
                                <div>
                                   Start date will be from next Monday 
                                </div>
                              </pdk-hint>
                              <pdk-date-picker-input
                                class="ng-untouched ng-pristine ng-valid"
                                data-test-id="moreThanOnceStartDate"
                                name="startDate"
                                required=""
                              >
                                <pdk-interaction-container>
                                  <div>
                                    <div
                                      style="position: relative;"
                                    >
                                      <div>
                                        <div
                                          class="pdk-date-picker-input__selection govuk-!-padding-0"
                                          pdk-padding="0"
                                        >
                                          <span
                                            hidden=""
                                            id="datePickerSelector-pdk-form-control-undefined-GENERATED_ID"
                                          >
                                             Select to open the date picker and choose a date.
                                          </span>
                                          <input
                                            aria-describedby="datePickerSelector-pdk-form-control-undefined-GENERATED_ID"
                                            aria-expanded="false"
                                            aria-haspopup="dialog"
                                            class="pdk-date-picker-input__selection-text govuk-!-padding-right-6 ng-untouched ng-pristine ng-valid govuk-input"
                                            id="pdk-form-control-undefined-GENERATED_ID"
                                            pdk-input=""
                                            pdk-padding-right="6"
                                            readonly="true"
                                            role="button"
                                          />
                                        </div>
                                      </div>
                                    </div>
                                  </div>
                                </pdk-interaction-container>
                              </pdk-date-picker-input>
                            </pdk-form-group>
                          </pdk-form-field>
                          <pdk-form-field
                            label="End date"
                            labeltype="small"
                          >
                            <pdk-form-group
                              class="pdk-form-group"
                            >
                              <label
                                class="govuk-label govuk-label--s"
                                for="pdk-form-control-undefined-GENERATED_ID"
                              >
                                 End date 
                              </label>
                              <pdk-date-picker-input
                                class="ng-untouched ng-pristine ng-valid"
                                data-test-id="endDate"
                                name="endDate"
                                required=""
                              >
                                <pdk-interaction-container>
                                  <div>
                                    <div
                                      style="position: relative;"
                                    >
                                      <div>
                                        <div
                                          class="pdk-date-picker-input__selection govuk-!-padding-0"
                                          pdk-padding="0"
                                        >
                                          <span
                                            hidden=""
                                            id="datePickerSelector-pdk-form-control-undefined-GENERATED_ID"
                                          >
                                             Select to open the date picker and choose a date.
                                          </span>
                                          <input
                                            aria-describedby="datePickerSelector-pdk-form-control-undefined-GENERATED_ID"
                                            aria-expanded="false"
                                            aria-haspopup="dialog"
                                            class="pdk-date-picker-input__selection-text govuk-!-padding-right-6 ng-untouched ng-pristine ng-valid govuk-input"
                                            id="pdk-form-control-undefined-GENERATED_ID"
                                            pdk-input=""
                                            pdk-padding-right="6"
                                            readonly="true"
                                            role="button"
                                          />
                                        </div>
                                      </div>
                                    </div>
                                  </div>
                                </pdk-interaction-container>
                              </pdk-date-picker-input>
                            </pdk-form-group>
                          </pdk-form-field>
                          <button
                            class="govuk-!-margin-top-2 govuk-button"
                            pdk-button=""
                            pdk-margin-top="2"
                            type="submit"
                          >
                            Continue
                          </button>
                        </pdk-grid>
                      </pdk-grid>
                    </form>
                  </repeat-pattern-more-than-once-form>
                </section>
              </pdk-tab>
            </div>
          </pdk-tabs-container>
        </pdk-tabs>
      </repeat-pattern-form>
    </pdk-grid>
  </pdk-grid>
</repeat-pattern-container>
`;
