// Jest Snapshot v1, https://goo.gl/fbAQLP

exports[`RepeatPatternOnceFormComponent should create 1`] = `
<repeat-pattern-once-form
  endDate={[Function Function]}
  errors={[Function OutputEmitterRef]}
  formatDisplayText={[Function Function]}
  initialValues={[Function Function]}
  isDateBetweenRange={[Function Function]}
  minStartDate={[Function Date]}
  startDate={[Function Function]}
  startDateLabel={[Function Function]}
  submitForm={[Function OutputEmitterRef]}
>
  <h2
    class="govuk-!-margin-bottom-0 govuk-heading-m"
    pdk-margin-bottom="0"
    pdk-typography="heading-medium"
  >
    Once
  </h2><p
    class="govuk-!-margin-top-1"
    pdk-margin-top="1"
  >
    Repeat for one week only
  </p><form
    class="govuk-!-margin-top-8 ng-untouched ng-pristine ng-valid"
    data-test-id="repeatSessionsOnceForm"
    novalidate=""
    pdk-form=""
    pdk-margin-top="8"
  >
    <pdk-grid
      class="govuk-grid-row"
      container=""
    >
      <pdk-grid
        class="govuk-grid-column-one-half"
        one-half=""
      >
        <pdk-form-field
          label="Start date"
          labeltype="small"
        >
          <pdk-form-group
            class="pdk-form-group"
          >
            <label
              class="govuk-label govuk-label--s"
              for="pdk-form-control-undefined-GENERATED_ID"
            >
               Start date 
            </label>
            <pdk-date-picker-input
              class="ng-untouched ng-pristine ng-valid"
              name="startDate"
              required=""
            >
              <pdk-interaction-container>
                <div>
                  <div
                    style="position: relative;"
                  >
                    <div>
                      <div
                        class="pdk-date-picker-input__selection govuk-!-padding-0"
                        pdk-padding="0"
                      >
                        <span
                          hidden=""
                          id="datePickerSelector-pdk-form-control-undefined-GENERATED_ID"
                        >
                           Select to open the date picker and choose a date.
                        </span>
                        <input
                          aria-describedby="datePickerSelector-pdk-form-control-undefined-GENERATED_ID"
                          aria-expanded="false"
                          aria-haspopup="dialog"
                          class="pdk-date-picker-input__selection-text govuk-!-padding-right-6 ng-untouched ng-pristine ng-valid govuk-input"
                          id="pdk-form-control-undefined-GENERATED_ID"
                          pdk-input=""
                          pdk-padding-right="6"
                          readonly="true"
                          role="button"
                        />
                      </div>
                    </div>
                  </div>
                </div>
              </pdk-interaction-container>
            </pdk-date-picker-input>
          </pdk-form-group>
        </pdk-form-field>
        <button
          class="govuk-!-margin-top-2 govuk-button"
          pdk-button=""
          pdk-margin-top="2"
          type="submit"
        >
          Continue
        </button>
      </pdk-grid>
    </pdk-grid>
  </form>
</repeat-pattern-once-form>
`;
